---
source: crates/fe/tests/cli_output.rs
assertion_line: 528
expression: output
---
=== STDOUT ===
test v0.1.0

=== STDERR ===
Error: Invalid fe.toml in ingot file://<project>/crates/fe/tests/fixtures/cli_output/ingots/invalid_dep_alias/: Invalid dependency alias "bad-alias!"
Error: Failed to resolve ingot dependency 'file://<project>/crates/fe/tests/fixtures/cli_output/ingots/invalid_dep_alias/nonexistent/': Directory does not exist: file://<project>/crates/fe/tests/fixtures/cli_output/ingots/invalid_dep_alias/nonexistent/

=== EXIT CODE: 1 ===
