---
source: crates/fmt/tests/format_snapshots.rs
assertion_line: 16
expression: output
input_file: tests/fixtures/comments_in_tokens.fe
---
// Comments in non-list/non-block token positions

fn sig_comment(x: u256) // mid
    -> u256 {
    x
}

fn chain_comments(x: u256) -> u256 {
    x
        // mid
        .foo()
}

fn if_comment() -> bool {
    if // mid
        true {
        true
    } else {
        false
    }
}

fn match_comment(x: u256) -> bool {
    match // mid
        x {
        _ => true,
    }
}

fn uses_comment()
uses // mid
    (ctx: Ctx)
{
    true
}

fn or_pat_comment(x: u256) -> u256 {
    match x {
        Foo | // mid
            Bar => 0,
    }
}

trait Super: A + // mid
    B {}

fn where_comments<T, U>(x: T, y: U)
where
    T // between type and `:`
        : Clone,
    // between predicates
    U: Clone + // between bounds
        Copy
{
    true
}
