---
source: crates/fmt/tests/format_snapshots.rs
expression: output
input_file: tests/fixtures/expressions.fe
---
fn expression_examples(x: i32) {
    let result = add(x, 5)
    let negated = -x
    let not_flag = !true

    let p = Point { x: 10, y: 20 }
    let updated = Point { x: p.x + 1, y: p.y }

    let sum = add(mul(2, 3), sub(10, 4))

    // Test long record init that should wrap vertically
    let long_record = VeryLongStructName {
        first_field_name: some_very_long_expression_value,
        second_field_name: another_long_expression,
    }
}

fn add(a: i32, b: i32) -> i32 {
    a + b
}

fn mul(a: i32, b: i32) -> i32 {
    a * b
}

fn sub(a: i32, b: i32) -> i32 {
    a - b
}

struct Point { x: i32, y: i32 }
struct VeryLongStructName { first_field_name: i64, second_field_name: i64 }
