---
source: crates/uitest/tests/mir_check.rs
expression: res
input_file: fixtures/mir_check/use_after_move.fe
---
error[11-0002]: move conflict in `fn use_after_move`
   ┌─ use_after_move.fe:9:34
   │  
 9 │   pub fn use_after_move() -> Boxed {
   │ ╭──────────────────────────────────^
10 │ │     let x: Boxed = Boxed { value: 0 }
11 │ │     consume(x)
   │ │             - `x` is moved here
12 │ │     x
13 │ │ }
   │ ╰─^ cannot use a value after it was moved
