---
source: crates/fe/tests/cli_output.rs
expression: output
input_file: tests/fixtures/cli_output/workspaces/duplicate_member_name/duplicate_member_name.case
---
=== STDERR ===
Error: Workspace member lib is duplicated in file://<project>/crates/fe/tests/fixtures/cli_output/workspaces/duplicate_member_name/

=== EXIT CODE: 1 ===
