---
source: crates/codegen/tests/yul.rs
expression: output
input_file: tests/fixtures/alloc.fe
---
function bump(size) -> ret {
  ret := alloc(size)
}
function bump_const() -> ret {
  ret := alloc(64)
}
function alloc(size) -> ret {
  let v0 := mload(64)
  let v1 := eq(v0, 0)
  if v1 {
    v0 := 128
  }
  mstore(64, add(v0, size))
  ret := v0
}
