---
source: crates/codegen/tests/yul.rs
assertion_line: 33
expression: output
input_file: tests/fixtures/alloc.fe
---
function $bump($size) -> ret {
  let v0 := mload(64)
  if iszero(v0) {
    v0 := 0x80
  }
  mstore(64, add(v0, $size))
  ret := v0
  leave
}
function $bump_const() -> ret {
  let v0 := mload(64)
  if iszero(v0) {
    v0 := 0x80
  }
  mstore(64, add(v0, 64))
  ret := v0
  leave
}
