---
source: crates/codegen/tests/yul.rs
expression: output
input_file: tests/fixtures/comparison_ops.fe
---
function comparison_ops() -> ret {
  let v0 := 0
  let v1 := mload(0x40)
  if iszero(v1) {
    v1 := 0x80
  }
  mstore(0x40, add(v1, 6))
  mstore(v1, iszero(iszero(eq(add(v0, 1), add(v0, 1)))))
  mstore(add(v1, 1), iszero(iszero(iszero(eq(add(v0, 1), add(v0, 2))))))
  mstore(add(v1, 2), iszero(iszero(lt(add(v0, 1), add(v0, 2)))))
  mstore(add(v1, 3), iszero(iszero(iszero(gt(add(v0, 2), add(v0, 2))))))
  mstore(add(v1, 4), iszero(iszero(gt(add(v0, 3), add(v0, 2)))))
  mstore(add(v1, 5), iszero(iszero(iszero(lt(add(v0, 3), add(v0, 3))))))
  ret := v1
}
