---
source: crates/codegen/tests/yul.rs
expression: output
input_file: tests/fixtures/enum_variant_contract.fe
---
object "EnumContract" {
  code {
    function init() {
      let v0 := datasize("EnumContract_deployed")
      let v1 := dataoffset("EnumContract_deployed")
      codecopy(0, v1, v0)
      return(0, v0)
    }
    init()
  }

  object "EnumContract_deployed" {
    code {
      function abi_encode_u256(value) {
        let v0 := 0
        mstore(v0, value)
        return(v0, 32)
      }
      function runtime() {
        let v0 := calldataload(0)
        let v1 := shr(224, v0)
        let v2 := eq(v1, 1817627404)
        if v2 {
          let v3 := calldataload(4)
          let v4 := mload(0x40)
          if iszero(v4) {
            v4 := 0x80
          }
          mstore(0x40, add(v4, 64))
          mstore(v4, 1)
          mstore(add(v4, 32), v3)
          let v5 := 0
          let v6 := mload(v4)
          switch v6
            case 1 {
              let v7 := mload(add(v4, 32))
              let v8 := v7
              v5 := v8
            }
            case 0 {
              v5 := 0
            }
            default {
            }
          let v9 := v5
          abi_encode_u256(v9)
          return(0, 0)
        }
        if iszero(v2) {
          let v10 := eq(v1, 1163776883)
          if v10 {
            let v11 := mload(0x40)
            if iszero(v11) {
              v11 := 0x80
            }
            mstore(0x40, add(v11, 64))
            mstore(v11, 0)
            let v12 := 0
            let v13 := mload(v11)
            switch v13
              case 1 {
                let v14 := mload(add(v11, 32))
                let v15 := v14
                v12 := v15
              }
              case 0 {
                v12 := 0
              }
              default {
              }
            let v16 := v12
            abi_encode_u256(v16)
            return(0, 0)
          }
          if iszero(v10) {
            let v17 := eq(v1, 3572425762)
            if iszero(v17) {
              return(0, 0)
            }
            let v18 := calldataload(4)
            let v19 := mload(0x40)
            if iszero(v19) {
              v19 := 0x80
            }
            mstore(0x40, add(v19, 64))
            mstore(v19, 1)
            mstore(add(v19, 32), v18)
            let v20 := 0
            let v21 := mload(v19)
            switch v21
              case 1 {
                v20 := 1
              }
              case 0 {
                v20 := 0
              }
              default {
              }
            let v22 := v20
            abi_encode_u256(v22)
            return(0, 0)
          }
        }
      }
      runtime()
      return(0, 0)
    }
  }
}
