---
source: crates/codegen/tests/yul.rs
assertion_line: 31
expression: output
input_file: tests/fixtures/full_contract.fe
---
object "ShapeDispatcher" {
  code {
    init()
    function init() {
      let v0 := datasize("ShapeDispatcher_deployed")
      let v1 := dataoffset("ShapeDispatcher_deployed")
      codecopy(0, v1, v0)
    }
  }

  object "ShapeDispatcher_deployed" {
    code {
      dispatch()
      function abi_encode(value) {
        let v0 := 0
        mstore(v0, value)
        return(v0, 32)
      }
      function alloc(size) -> ret {
        let v0 := mload(64)
        let v1 := eq(v0, 0)
        if v1 {
          v0 := 128
          mstore(64, add(v0, size))
          ret := v0
        }
        if iszero(v1) {
          mstore(64, add(v0, size))
          ret := v0
        }
      }
      function dispatch() {
        let v0 := shr(224, calldataload(0))
        let v1 := eq(v0, 151146943)
        if v1 {
          let v2 := calldataload(4)
          let v3 := calldataload(36)
          let v4 := alloc(64)
          store_field__deduped(v4, 0, v2)
          store_field__deduped(v4, 32, v3)
          let v5 := v4
          store_field__deduped(v5, 0, add(get_field__MemPtr_u256__97fe9178c4597e85(v5, 0), 1))
          store_field__deduped(v5, 32, add(get_field__MemPtr_u256__97fe9178c4597e85(v5, 32), 2))
          let v6 := point_area_mem(v5)
          abi_encode(v6)
          let v7 := eq(v0, 2066295049)
          if v7 {
            let v8 := calldataload(4)
            let v9 := alloc(32)
            store_field__deduped(v9, 0, v8)
            let v10 := v9
            store_field__deduped(v10, 0, add(get_field__MemPtr_u256__97fe9178c4597e85(v10, 0), 3))
            v6 := square_area_mem(v10)
            abi_encode(v6)
            return(0, 0)
          }
          if iszero(v7) {
            return(0, 0)
          }
        }
        if iszero(v1) {
          let v11 := eq(v0, 2066295049)
          if v11 {
            let v12 := calldataload(4)
            let v13 := alloc(32)
            store_field__deduped(v13, 0, v12)
            let v14 := v13
            store_field__deduped(v14, 0, add(get_field__MemPtr_u256__97fe9178c4597e85(v14, 0), 3))
            let v15 := square_area_mem(v14)
            abi_encode(v15)
            return(0, 0)
          }
          if iszero(v11) {
            return(0, 0)
          }
        }
      }
      function get_field__MemPtr_u256__97fe9178c4597e85(ptr, offset) -> ret {
        let v0 := add(ptr, offset)
        ret := to_word__deduped(load__MemPtr__d0292394fccae3e4(v0))
      }
      function load__MemPtr__d0292394fccae3e4(addr) -> ret {
        ret := mload(addr)
      }
      function point_area_mem(self) -> ret {
        ret := mul(get_field__MemPtr_u256__97fe9178c4597e85(self, 0), get_field__MemPtr_u256__97fe9178c4597e85(self, 32))
      }
      function square_area_mem(self) -> ret {
        let v0 := get_field__MemPtr_u256__97fe9178c4597e85(self, 0)
        ret := mul(v0, v0)
      }
      function store__MemPtr__d0292394fccae3e4(addr, value) {
        mstore(addr, value)
      }
      function store_field__deduped(ptr, offset, value) {
        let v0 := add(ptr, offset)
        store__MemPtr__d0292394fccae3e4(v0, to_word__deduped(value))
      }
      function to_word__deduped(self) -> ret {
        ret := self
      }
    }
  }
}
