---
source: crates/codegen/tests/yul.rs
expression: output
input_file: tests/fixtures/intrinsic_ops.fe
---
function load_word(ptr) -> ret {
  let v0 := mload(ptr)
  ret := v0
  leave
}
function store_word(ptr, value) {
  mstore(ptr, value)
  leave
}
function store_byte(ptr, value) {
  mstore8(ptr, value)
  leave
}
function load_slot(slot) -> ret {
  let v0 := sload(slot)
  ret := v0
  leave
}
function store_slot(slot, value) {
  sstore(slot, value)
  leave
}
function load_calldata(offset) -> ret {
  let v0 := calldataload(offset)
  ret := v0
  leave
}
function finish(ptr, len) {
  return(ptr, len)
}
