---
source: crates/codegen/tests/yul.rs
expression: output
input_file: tests/fixtures/match_mixed_return.fe
---
function f(e) -> ret {
  let v0 := 0
  switch mload(e)
    case 0 {
      ret := 0
      leave
    }
    case 1 {
      v0 := 1
    }
    default {
    }
  let v1 := v0
  ret := add(v1, 1)
}
