---
source: crates/codegen/tests/yul.rs
expression: output
input_file: tests/fixtures/match_nested_enum.fe
---
function match_nested_enum(outer) -> ret {
  let v0 := 0
  switch get_discriminant__MemPtr__d0292394fccae3e4(outer)
    case 0 {
      switch get_discriminant__MemPtr__d0292394fccae3e4(mload(add(outer, 32)))
        case 0 {
          v0 := 0
        }
        case 1 {
          let v1 := and(mload(add(outer, 64)), 0xff)
          v0 := v1
        }
        default {
        }
      ret := v0
    }
    case 1 {
      let v2 := and(mload(add(outer, 32)), 0xff)
      v0 := v2
    }
    default {
    }
  ret := v0
}
function get_discriminant__MemPtr__d0292394fccae3e4(addr) -> ret {
  ret := load__MemPtr__d0292394fccae3e4(addr)
}
function load__MemPtr__d0292394fccae3e4(addr) -> ret {
  ret := mload(addr)
}
