---
source: crates/codegen/tests/yul.rs
expression: output
input_file: tests/fixtures/method_call.fe
---
function make_value() -> ret {
  ret := 42
  leave
}
function foo_gen_value(self) -> ret {
  let v0 := make_value()
  ret := v0
  leave
}
function foo_return_value(self) -> ret {
  let v0 := foo_gen_value_mem(0)
  ret := v0
  leave
}
function call_method(foo) -> ret {
  let v0 := foo_return_value_mem(0)
  ret := v0
  leave
}
function foo_gen_value_mem(self) -> ret {
  let v0 := make_value()
  ret := v0
  leave
}
function foo_return_value_mem(self) -> ret {
  let v0 := foo_gen_value_mem(0)
  ret := v0
  leave
}
