---
source: crates/codegen/tests/yul.rs
assertion_line: 31
expression: output
input_file: tests/fixtures/momo.fe
---
{
  function read_x(val) -> ret {
    ret := add(get_field__MyStruct_u8__fc5e5f8d6bb839cd(val, 0, 0), get_field__MyStruct_u8__fc5e5f8d6bb839cd(val, 0, 1))
  }
}
{
  function get_field__MyStruct_u8__fc5e5f8d6bb839cd(addr, space, offset) -> ret {
    let v1 := add(addr, offset)
    let v0 := 0
    switch space
      case 0 {
        v0 := mload(v1)
      }
      case 1 {
        v0 := sload(v1)
      }
      default {
      }
    let v2 := v0
    ret := from_word(v2)
  }
}
