---
source: crates/codegen/tests/yul.rs
expression: output
input_file: tests/fixtures/storage.fe
---
object "Coin" {
  code {
    function init() {
      let v0 := datasize("Coin_deployed")
      let v1 := dataoffset("Coin_deployed")
      codecopy(0, v1, v0)
    }
    init()
  }

  object "Coin_deployed" {
    code {
      function abi_encode(value) {
        let v0 := 0
        mstore(v0, value)
        return(v0, 32)
      }
      function balance_of_raw(user, store) -> ret {
        let v0 := 0
        switch user
          case 0 {
            v0 := sload(store)
          }
          default {
            v0 := sload(add(store, 1))
          }
        ret := v0
      }
      function credit_alice(amount, store, supply) -> ret {
        sstore(store, add(sload(store), amount))
        sstore(supply, add(sload(supply), amount))
        ret := sload(store)
      }
      function credit_bob(amount, store, supply) -> ret {
        sstore(add(store, 1), add(sload(add(store, 1)), amount))
        sstore(supply, add(sload(supply), amount))
        ret := sload(add(store, 1))
      }
      function runtime() {
        let v0 := 0
        let v1 := 2
        let v2 := v0
        let v3 := v1
        let v4 := shr(224, calldataload(0))
        switch v4
          case 2877082652 {
            let v5 := calldataload(4)
            let v6 := calldataload(36)
            let v7 := 0
            switch v5
              case 0 {
                v7 := credit_alice(v6, v2, v3)
              }
              default {
                v7 := credit_bob(v6, v2, v3)
              }
            let v8 := v7
            abi_encode(v8)
            return(0, 0)
          }
          case 1818602213 {
            let v9 := calldataload(4)
            let v10 := balance_of_raw(v9, v2)
            abi_encode(v10)
            return(0, 0)
          }
          case 217554442 {
            let v11 := calldataload(4)
            let v12 := calldataload(36)
            let v13 := 0
            switch v11
              case 0 {
                v13 := transfer_from_alice(v12, v2)
              }
              default {
                v13 := transfer_from_bob(v12, v2)
              }
            let v14 := v13
            let v15 := transfer_result_code(v14)
            abi_encode(v15)
            return(0, 0)
          }
          case 960555502 {
            let v16 := total_supply(v3)
            abi_encode(v16)
            return(0, 0)
          }
          default {
            return(0, 0)
          }
      }
      function total_supply(supply) -> ret {
        ret := sload(supply)
      }
      function transfer_from_alice(amount, store) -> ret {
        let v0 := lt(sload(store), amount)
        if v0 {
          let v1 := mload(0x40)
          if iszero(v1) {
            v1 := 0x80
          }
          mstore(0x40, add(v1, 32))
          mstore(v1, 1)
          ret := v1
        }
        if iszero(v0) {
          sstore(store, sub(sload(store), amount))
          sstore(add(store, 1), add(sload(add(store, 1)), amount))
          let v2 := mload(0x40)
          if iszero(v2) {
            v2 := 0x80
          }
          mstore(0x40, add(v2, 32))
          mstore(v2, 0)
          ret := v2
        }
      }
      function transfer_from_bob(amount, store) -> ret {
        let v0 := lt(sload(add(store, 1)), amount)
        if v0 {
          let v1 := mload(0x40)
          if iszero(v1) {
            v1 := 0x80
          }
          mstore(0x40, add(v1, 32))
          mstore(v1, 1)
          ret := v1
        }
        if iszero(v0) {
          sstore(add(store, 1), sub(sload(add(store, 1)), amount))
          sstore(store, add(sload(store), amount))
          let v2 := mload(0x40)
          if iszero(v2) {
            v2 := 0x80
          }
          mstore(0x40, add(v2, 32))
          mstore(v2, 0)
          ret := v2
        }
      }
      function transfer_result_code(res) -> ret {
        let v0 := 0
        switch mload(res)
          case 0 {
            v0 := 0
          }
          case 1 {
            v0 := 1
          }
          default {
          }
        ret := v0
      }
      runtime()
      return(0, 0)
    }
  }
}
