---
source: crates/codegen/tests/yul.rs
expression: output
input_file: tests/fixtures/storage_map.fe
---
function get_balance(addr, balances) -> ret {
  let v0 := storagemap_k__v__get_stor__u256_u256__cc308d1bea3fb6e4(balances, addr)
  ret := v0
  leave
}
function set_balance(addr, value, balances) {
  storagemap_k__v__set_stor__u256_u256__cc308d1bea3fb6e4(balances, addr, value)
  leave
}
function storagemap_k__v__get_stor__u256_u256__cc308d1bea3fb6e4(self, key) -> ret {
  let v0 := storagemap_k__v__storage_slot_stor__u256_u256__cc308d1bea3fb6e4(self, key)
  let v1 := sload(v0)
  let v2 := u256_loadablescalar_from_word(v1)
  ret := v2
  leave
}
function storagemap_k__v__set_stor__u256_u256__cc308d1bea3fb6e4(self, key, value) {
  let v0 := storagemap_k__v__storage_slot_stor__u256_u256__cc308d1bea3fb6e4(self, key)
  let v1 := u256_loadablescalar_from_word(value)
  sstore(v0, v1)
  leave
}
function storagemap_k__v__storage_slot_stor__u256_u256__cc308d1bea3fb6e4(self, key) -> ret {
  let v0 := u256_storagekey_write_key(0, key)
  let v1 := self
  mstore(v0, v1)
  let v2 := keccak256(0, add(v0, 32))
  ret := v2
  leave
}
function u256_loadablescalar_from_word(word) -> ret {
  ret := word
  leave
}
function u256_storagekey_write_key(ptr, self) -> ret {
  mstore(ptr, self)
  ret := 32
  leave
}
