---
source: crates/parser/tests/syntax_node.rs
expression: node
input_file: test_files/syntax_node/exprs/with.fe
---
Root@0..156
  WithExpr@0..49
    Ident@0..4 "with"
    WhiteSpace@4..5 " "
    WithParamList@5..41
      LParen@5..6 "("
      WithParam@6..18
        Path@6..13
          PathSegment@6..13
            Ident@6..13 "Storage"
        WhiteSpace@13..14 " "
        Eq@14..15 "="
        WhiteSpace@15..16 " "
        PathExpr@16..18
          Path@16..18
            PathSegment@16..18
              Ident@16..18 "st"
      Comma@18..19 ","
      WhiteSpace@19..20 " "
      WithParam@20..40
        Path@20..23
          PathSegment@20..23
            Ident@20..23 "Ctx"
        WhiteSpace@23..24 " "
        Eq@24..25 "="
        WhiteSpace@25..26 " "
        CallExpr@26..40
          PathExpr@26..38
            Path@26..38
              PathSegment@26..33
                Ident@26..33 "MockCtx"
              Colon2@33..35 "::"
              PathSegment@35..38
                Ident@35..38 "new"
          CallArgList@38..40
            LParen@38..39 "("
            RParen@39..40 ")"
      RParen@40..41 ")"
    WhiteSpace@41..42 " "
    BlockExpr@42..49
      LBrace@42..43 "{"
      WhiteSpace@43..44 " "
      ExprStmt@44..47
        CallExpr@44..47
          PathExpr@44..45
            Path@44..45
              PathSegment@44..45
                Ident@44..45 "g"
          CallArgList@45..47
            LParen@45..46 "("
            RParen@46..47 ")"
      WhiteSpace@47..48 " "
      RBrace@48..49 "}"
  Newline@49..51 "\n\n"
  WithExpr@51..78
    Ident@51..55 "with"
    WhiteSpace@55..56 " "
    WithParamList@56..70
      LParen@56..57 "("
      WithParam@57..69
        Path@57..64
          PathSegment@57..64
            Ident@57..64 "Storage"
        WhiteSpace@64..65 " "
        Eq@65..66 "="
        WhiteSpace@66..67 " "
        PathExpr@67..69
          Path@67..69
            PathSegment@67..69
              Ident@67..69 "st"
      RParen@69..70 ")"
    WhiteSpace@70..71 " "
    BlockExpr@71..78
      LBrace@71..72 "{"
      WhiteSpace@72..73 " "
      ExprStmt@73..76
        CallExpr@73..76
          PathExpr@73..74
            Path@73..74
              PathSegment@73..74
                Ident@73..74 "g"
          CallArgList@74..76
            LParen@74..75 "("
            RParen@75..76 ")"
      WhiteSpace@76..77 " "
      RBrace@77..78 "}"
  Newline@78..80 "\n\n"
  WithExpr@80..113
    Ident@80..84 "with"
    WhiteSpace@84..85 " "
    WithParamList@85..105
      LParen@85..86 "("
      WithParam@86..88
        PathExpr@86..88
          Path@86..88
            PathSegment@86..88
              Ident@86..88 "st"
      Comma@88..89 ","
      WhiteSpace@89..90 " "
      WithParam@90..104
        CallExpr@90..104
          PathExpr@90..102
            Path@90..102
              PathSegment@90..97
                Ident@90..97 "MockCtx"
              Colon2@97..99 "::"
              PathSegment@99..102
                Ident@99..102 "new"
          CallArgList@102..104
            LParen@102..103 "("
            RParen@103..104 ")"
      RParen@104..105 ")"
    WhiteSpace@105..106 " "
    BlockExpr@106..113
      LBrace@106..107 "{"
      WhiteSpace@107..108 " "
      ExprStmt@108..111
        CallExpr@108..111
          PathExpr@108..109
            Path@108..109
              PathSegment@108..109
                Ident@108..109 "g"
          CallArgList@109..111
            LParen@109..110 "("
            RParen@110..111 ")"
      WhiteSpace@111..112 " "
      RBrace@112..113 "}"
  Newline@113..115 "\n\n"
  WithExpr@115..155
    Ident@115..119 "with"
    WhiteSpace@119..120 " "
    WithParamList@120..147
      LParen@120..121 "("
      WithParam@121..130
        Path@121..124
          PathSegment@121..124
            Ident@121..124 "Ctx"
        WhiteSpace@124..125 " "
        Eq@125..126 "="
        WhiteSpace@126..127 " "
        PathExpr@127..130
          Path@127..130
            PathSegment@127..130
              Ident@127..130 "ctx"
      Comma@130..131 ","
      WhiteSpace@131..132 " "
      WithParam@132..137
        PathExpr@132..137
          Path@132..137
            PathSegment@132..137
              Ident@132..137 "owner"
      Comma@137..138 ","
      WhiteSpace@138..139 " "
      WithParam@139..146
        PathExpr@139..146
          Path@139..146
            PathSegment@139..146
              Ident@139..146 "balance"
      RParen@146..147 ")"
    WhiteSpace@147..148 " "
    BlockExpr@148..155
      LBrace@148..149 "{"
      WhiteSpace@149..150 " "
      ExprStmt@150..153
        CallExpr@150..153
          PathExpr@150..151
            Path@150..151
              PathSegment@150..151
                Ident@150..151 "g"
          CallArgList@151..153
            LParen@151..152 "("
            RParen@152..153 ")"
      WhiteSpace@153..154 " "
      RBrace@154..155 "}"
  Newline@155..156 "\n"
