---
source: crates/language-server/src/functionality/completion.rs
assertion_line: 1549
expression: snapshot
input_file: test_files/completion.fe
---
note: 
   ┌─ completion.fe:28:9
   │
28 │         
   │         ^ cursor 1

completions:
  - Default (Interface)
  - Drawable (Interface)
  - Err (EnumMember)
  - None (EnumMember)
  - Ok (EnumMember)
  - Option (Enum)
  - Point (Struct)
  - Result (Enum)
  - Some (EnumMember)
  - panic (Function) -> "panic()$0" [fn panic() -> !]
  - self (Variable) [self: Point]
  - test_expression_context (Function) -> "test_expression_context()$0" [fn test_expression_context()]
  - test_locals (Function) -> "test_locals(${1:param})$0" [fn test_locals(param: i32)]
  - test_member_completion (Function) -> "test_member_completion()$0" [fn test_member_completion()]
  - test_path_completion (Function) -> "test_path_completion()$0" [fn test_path_completion()]
  - test_return_type (Function) -> "test_return_type()$0" [fn test_return_type() -> invalid(PathResolutionFailed(_))]
  - test_type_annotation (Function) -> "test_type_annotation()$0" [fn test_type_annotation()]
  - todo (Function) -> "todo()$0" [fn todo() -> !]
  - utils (Module) -> "utils::"

note: 
   ┌─ completion.fe:49:7
   │
49 │     p.
   │       ^ cursor 2

completions:
  - distance (Method) -> "distance()$0" [fn distance() -> i32]
  - draw (Method) -> "draw()$0" [fn draw()]
  - scale (Method) -> "scale(${1:factor})$0" [fn scale(factor: i32) -> Point]
  - x (Field) [x: i32]
  - y (Field) [y: i32]

note: 
   ┌─ completion.fe:54:12
   │
54 │     let x: 
   │            ^ cursor 3

completions:
  - Option (Enum)
  - Point (Struct)
  - Result (Enum)

note: 
   ┌─ completion.fe:59:18
   │
59 │     let result = 
   │                  ^ cursor 4

completions:
  - Err (EnumMember)
  - None (EnumMember)
  - Ok (EnumMember)
  - Some (EnumMember)
  - panic (Function) -> "panic()$0" [fn panic() -> !]
  - result (Variable) [result: _]
  - test_expression_context (Function) -> "test_expression_context()$0" [fn test_expression_context()]
  - test_locals (Function) -> "test_locals(${1:param})$0" [fn test_locals(param: i32)]
  - test_member_completion (Function) -> "test_member_completion()$0" [fn test_member_completion()]
  - test_path_completion (Function) -> "test_path_completion()$0" [fn test_path_completion()]
  - test_return_type (Function) -> "test_return_type()$0" [fn test_return_type() -> invalid(PathResolutionFailed(_))]
  - test_type_annotation (Function) -> "test_type_annotation()$0" [fn test_type_annotation()]
  - todo (Function) -> "todo()$0" [fn todo() -> !]

note: 
   ┌─ completion.fe:64:20
   │
64 │     let h = utils::
   │                    ^ cursor 5

completions:
  - Helpable (Interface)
  - Helper (Struct)
  - func_with_args (Function) -> "func_with_args(${1:x}, ${2:y})$0" [fn func_with_args(x: i32, y: i32) -> i32]
  - helper_func (Function) -> "helper_func()$0" [fn helper_func() -> i32]

note: 
   ┌─ completion.fe:67:26
   │
67 │ fn test_return_type() ->  {
   │                          ^ cursor 6

completions:
  - Option (Enum)
  - Point (Struct)
  - Result (Enum)

note: 
   ┌─ completion.fe:74:13
   │
74 │     let x = 
   │             ^ cursor 7

completions:
  - Err (EnumMember)
  - None (EnumMember)
  - Ok (EnumMember)
  - Some (EnumMember)
  - local_var (Variable) [local_var: {integer}]
  - panic (Function) -> "panic()$0" [fn panic() -> !]
  - param (Variable) [param: i32]
  - test_expression_context (Function) -> "test_expression_context()$0" [fn test_expression_context()]
  - test_locals (Function) -> "test_locals(${1:param})$0" [fn test_locals(param: i32)]
  - test_member_completion (Function) -> "test_member_completion()$0" [fn test_member_completion()]
  - test_path_completion (Function) -> "test_path_completion()$0" [fn test_path_completion()]
  - test_return_type (Function) -> "test_return_type()$0" [fn test_return_type() -> invalid(PathResolutionFailed(_))]
  - test_type_annotation (Function) -> "test_type_annotation()$0" [fn test_type_annotation()]
  - todo (Function) -> "todo()$0" [fn todo() -> !]
  - x (Variable) [x: _]
