---
source: crates/language-server/src/functionality/goto.rs
expression: snapshot
input_file: test_files/goto.fe
---
note: 
  ┌─ goto.fe:7:9
  │
7 │     let x: Foo
  │         ^ -> local: Foo

note: 
  ┌─ goto.fe:7:12
  │
7 │     let x: Foo
  │            ^^^ -> goto::Foo

note: 
  ┌─ goto.fe:8:9
  │
8 │     let y: Bar
  │         ^ -> local: Bar

note: 
  ┌─ goto.fe:8:12
  │
8 │     let y: Bar
  │            ^^^ -> goto::Bar

note: 
  ┌─ goto.fe:9:9
  │
9 │     let z: baz::Baz
  │         ^ -> local: Baz

note: 
  ┌─ goto.fe:9:12
  │
9 │     let z: baz::Baz
  │            ^^^ -> goto::baz

note: 
  ┌─ goto.fe:9:17
  │
9 │     let z: baz::Baz
  │                 ^^^ -> goto::baz::Baz

note: 
   ┌─ goto.fe:10:5
   │
10 │     core::todo()
   │     ^^^^ -> lib

note: 
   ┌─ goto.fe:10:11
   │
10 │     core::todo()
   │           ^^^^ -> lib::todo
