---
source: crates/language-server/src/functionality/goto.rs
expression: snapshot
input_file: test_files/goto_enum.fe
---
0: enum Status {
1:     Active,
2:     Inactive,
3:     Pending
4: }
5: 
6: fn check_status(s: Status) -> bool {
7:     match s {
8:         Status::Active => true
9:         Status::Inactive => false
10:         Status::Pending => false
11:     }
12: }
13: 
14: fn create_status() -> Status {
15:     Status::Active
16: }
---
cursor position (6, 19), path: goto_enum::Status
cursor position (7, 10), path: goto_enum::check_status::s
cursor position (8, 8), path: goto_enum::Status
cursor position (8, 16), path: goto_enum::Status::Active
cursor position (9, 8), path: goto_enum::Status
cursor position (9, 16), path: goto_enum::Status::Inactive
cursor position (10, 8), path: goto_enum::Status
cursor position (10, 16), path: goto_enum::Status::Pending
cursor position (14, 22), path: goto_enum::Status
cursor position (15, 4), path: goto_enum::Status
cursor position (15, 12), path: goto_enum::Status::Active
