---
source: crates/codegen/tests/yul.rs
assertion_line: 38
expression: output
input_file: testdata/simple_yul/ret.fe
---
{
  function retfoo(b1, x) -> ret {
    if b1 {
      ret := 0
    }
    if iszero(b1) {
      if lt(x, 5) {
        ret := 1
      }
      if iszero(lt(x, 5)) {
        let v0 := sub(x, 1)
        if eq(v0, 42) {
          ret := 2
        }
        if iszero(eq(v0, 42)) {
          ret := add(v0, 1)
        }
      }
    }
  }
}
