---
source: crates/fe/tests/cli_output.rs
expression: output
input_file: tests/fixtures/cli_output/workspaces/inter_workspace_select_name_not_found/name_not_found.case
---
=== STDERR ===
Error: Failed to resolve workspace member for 'lib_b' in file://<project>/crates/fe/tests/fixtures/cli_output/workspaces/inter_workspace_select_name_not_found/workspace_a/ingots/app/: No workspace member named "does_not_exist" found in file://<project>/crates/fe/tests/fixtures/cli_output/workspaces/inter_workspace_select_name_not_found/workspace_b/

=== EXIT CODE: 1 ===
