---
source: crates/parser/tests/syntax_node.rs
assertion_line: 25
expression: node
input_file: test_files/syntax_node/structs/attr.fe
---
Root@0..179
  ItemList@0..178
    Item@0..178
      Struct@0..178
        AttrList@0..58
          DocCommentAttr@0..15
            DocComment@0..15 "/// DocComment1"
          Newline@15..16 "\n"
          Attr@16..23
            Pound@16..17 "#"
            LBracket@17..18 "["
            Path@18..22
              PathSegment@18..22
                Ident@18..22 "attr"
            RBracket@22..23 "]"
          Newline@23..24 "\n"
          Comment@24..41 "// normal comment"
          Newline@41..42 "\n"
          DocCommentAttr@42..57
            DocComment@42..57 "/// DocComment2"
          Newline@57..58 "\n"
        PubKw@58..61 "pub"
        WhiteSpace@61..62 " "
        StructKw@62..68 "struct"
        WhiteSpace@68..69 " "
        Ident@69..79 "StructAttr"
        WhiteSpace@79..80 " "
        RecordFieldDefList@80..178
          LBrace@80..81 "{"
          Newline@81..82 "\n"
          WhiteSpace@82..86 "    "
          RecordFieldDef@86..117
            AttrList@86..102
              DocCommentAttr@86..101
                DocComment@86..101 "/// This is `x`"
              Newline@101..102 "\n"
            WhiteSpace@102..106 "    "
            Ident@106..107 "x"
            Colon@107..108 ":"
            WhiteSpace@108..109 " "
            PathType@109..117
              Path@109..117
                PathSegment@109..112
                  Ident@109..112 "foo"
                Colon2@112..114 "::"
                PathSegment@114..117
                  Ident@114..117 "Bar"
          Comma@117..118 ","
          Newline@118..119 "\n"
          WhiteSpace@119..123 "    "
          RecordFieldDef@123..176
            AttrList@123..166
              DocCommentAttr@123..138
                DocComment@123..138 "/// This is `y`"
              Newline@138..139 "\n"
              WhiteSpace@139..143 "    "
              Attr@143..165
                Pound@143..144 "#"
                LBracket@144..145 "["
                Path@145..148
                  PathSegment@145..148
                    Ident@145..148 "cfg"
                AttrArgList@148..164
                  LParen@148..149 "("
                  AttrArg@149..163
                    Path@149..155
                      PathSegment@149..155
                        Ident@149..155 "target"
                    WhiteSpace@155..156 " "
                    Eq@156..157 "="
                    WhiteSpace@157..158 " "
                    AttrArgValue@158..163
                      Lit@158..163
                        String@158..163 "\"evm\""
                  RParen@163..164 ")"
                RBracket@164..165 "]"
              Newline@165..166 "\n"
            WhiteSpace@166..170 "    "
            Ident@170..171 "y"
            Colon@171..172 ":"
            WhiteSpace@172..173 " "
            PathType@173..176
              Path@173..176
                PathSegment@173..176
                  Ident@173..176 "i32"
          Newline@176..177 "\n"
          RBrace@177..178 "}"
  Newline@178..179 "\n"
