---
source: crates/language-server/src/functionality/references.rs
expression: snapshot
input_file: test_files/hoverable/src/lib.fe
---
note: 
  ┌─ lib.fe:1:5
  │
1 │ use stuff::calculations::{ return_three, return_four }
  │     ^^^^^ ref: 1:4

note: 
  ┌─ lib.fe:1:12
  │
1 │ use stuff::calculations::{ return_three, return_four }
  │            ^^^^^^^^^^^^ ref: 1:11

note: 
  ┌─ lib.fe:1:28
  │
1 │ use stuff::calculations::{ return_three, return_four }
  │                            ^^^^^^^^^^^^ ref: 1:27

note: 
  ┌─ lib.fe:1:42
  │
1 │ use stuff::calculations::{ return_three, return_four }
  │                                          ^^^^^^^^^^^ ref: 1:41

note: 
  ┌─ lib.fe:2:5
  │
2 │ use stuff::calculations::ambiguous;
  │     ^^^^^ ref: 2:4

note: 
  ┌─ lib.fe:2:12
  │
2 │ use stuff::calculations::ambiguous;
  │            ^^^^^^^^^^^^ ref: 2:11

note: 
  ┌─ lib.fe:2:26
  │
2 │ use stuff::calculations::ambiguous;
  │                          ^^^^^^^^^ ref: 2:25

note: 
  ┌─ lib.fe:7:8
  │
7 │ pub fn return_seven() {
  │        ^^^^^^^^^^^^ def: defined here @ 7:7 (2 refs)

note: 
  ┌─ lib.fe:8:3
  │
8 │   return_three() + return_four()
  │   ^^^^^^^^^^^^ ref: 8:2

note: 
  ┌─ lib.fe:8:20
  │
8 │   return_three() + return_four()
  │                    ^^^^^^^^^^^ ref: 8:19

note: 
   ┌─ lib.fe:12:8
   │
12 │ pub fn add(x: i32, y: i32) -> i32 {
   │        ^^^ def: defined here @ 12:7 (1 refs)

note: 
   ┌─ lib.fe:12:12
   │
12 │ pub fn add(x: i32, y: i32) -> i32 {
   │            ^ def: defined here @ 12:11 (2 refs)

note: 
   ┌─ lib.fe:12:20
   │
12 │ pub fn add(x: i32, y: i32) -> i32 {
   │                    ^ def: defined here @ 12:19 (2 refs)

note: 
   ┌─ lib.fe:13:3
   │
13 │   x + y
   │   ^ ref: 13:2

note: 
   ┌─ lib.fe:13:7
   │
13 │   x + y
   │       ^ ref: 13:6

note: 
   ┌─ lib.fe:16:4
   │
16 │ fn calculate() {
   │    ^^^^^^^^^ def: defined here @ 16:3 (1 refs)

note: 
   ┌─ lib.fe:17:3
   │
17 │   return_seven()
   │   ^^^^^^^^^^^^ ref: 17:2

note: 
   ┌─ lib.fe:18:7
   │
18 │   let x: stuff::calculations::ambiguous
   │       ^ def: defined here @ 18:6 (1 refs)

note: 
   ┌─ lib.fe:18:10
   │
18 │   let x: stuff::calculations::ambiguous
   │          ^^^^^^^^^^^^^^^^^^^^^^^^^^^^^^ ref: 18:9

note: 
   ┌─ lib.fe:23:11
   │
23 │ pub trait Calculatable {
   │           ^^^^^^^^^^^^ def: defined here @ 23:10 (4 refs)

note: 
   ┌─ lib.fe:24:6
   │
24 │   fn calculate(self)
   │      ^^^^^^^^^ def: defined here @ 24:5 (1 refs)

note: 
   ┌─ lib.fe:24:16
   │
24 │   fn calculate(self)
   │                ^^^^ ref: 24:15

note: 
   ┌─ lib.fe:28:8
   │
28 │ struct Numbers {
   │        ^^^^^^^ def: defined here @ 28:7 (4 refs)

note: 
   ┌─ lib.fe:33:6
   │
33 │ impl Calculatable for Numbers {
   │      ^^^^^^^^^^^^ ref: 33:5

note: 
   ┌─ lib.fe:33:23
   │
33 │ impl Calculatable for Numbers {
   │                       ^^^^^^^ ref: 33:22

note: 
   ┌─ lib.fe:34:6
   │
34 │   fn calculate(self) {
   │      ^^^^^^^^^ def: defined here @ 34:5 (1 refs)

note: 
   ┌─ lib.fe:34:16
   │
34 │   fn calculate(self) {
   │                ^^^^ def: defined here @ 34:15 (3 refs)

note: 
   ┌─ lib.fe:35:5
   │
35 │     self.x + self.y
   │     ^^^^ ref: 35:4

note: 
   ┌─ lib.fe:35:14
   │
35 │     self.x + self.y
   │              ^^^^ ref: 35:13

note: 
   ┌─ lib.fe:39:6
   │
39 │ enum Option {
   │      ^^^^^^ def: defined here @ 39:5 (2 refs)

note: 
   ┌─ lib.fe:45:4
   │
45 │ fn test_locals(x: i32) -> i32 {
   │    ^^^^^^^^^^^ def: defined here @ 45:3 (1 refs)

note: 
   ┌─ lib.fe:45:16
   │
45 │ fn test_locals(x: i32) -> i32 {
   │                ^ def: defined here @ 45:15 (2 refs)

note: 
   ┌─ lib.fe:46:7
   │
46 │   let a = x
   │       ^ def: defined here @ 46:6 (2 refs)

note: 
   ┌─ lib.fe:46:11
   │
46 │   let a = x
   │           ^ ref: 46:10

note: 
   ┌─ lib.fe:47:7
   │
47 │   let x = a + 1
   │       ^ def: defined here @ 47:6 (2 refs)

note: 
   ┌─ lib.fe:47:11
   │
47 │   let x = a + 1
   │           ^ ref: 47:10

note: 
   ┌─ lib.fe:49:9
   │
49 │     let x = x + 1
   │         ^ def: defined here @ 49:8 (2 refs)

note: 
   ┌─ lib.fe:49:13
   │
49 │     let x = x + 1
   │             ^ ref: 49:12

note: 
   ┌─ lib.fe:50:5
   │
50 │     x
   │     ^ ref: 50:4

note: 
   ┌─ lib.fe:55:4
   │
55 │ fn test_match(opt: Option) -> i32 {
   │    ^^^^^^^^^^ def: defined here @ 55:3 (1 refs)

note: 
   ┌─ lib.fe:55:15
   │
55 │ fn test_match(opt: Option) -> i32 {
   │               ^^^ def: defined here @ 55:14 (2 refs)

note: 
   ┌─ lib.fe:55:20
   │
55 │ fn test_match(opt: Option) -> i32 {
   │                    ^^^^^^ ref: 55:19

note: 
   ┌─ lib.fe:56:9
   │
56 │   match opt {
   │         ^^^ ref: 56:8

note: 
   ┌─ lib.fe:57:5
   │
57 │     Option::Some(val) => val
   │     ^^^^^^^^^^^^ ref: 57:4

note: 
   ┌─ lib.fe:57:18
   │
57 │     Option::Some(val) => val
   │                  ^^^ def: defined here @ 57:17 (2 refs)

note: 
   ┌─ lib.fe:57:26
   │
57 │     Option::Some(val) => val
   │                          ^^^ ref: 57:25

note: 
   ┌─ lib.fe:58:5
   │
58 │     Option::None => 0
   │     ^^^^^^^^^^^^ ref: 58:4

note: 
  ┌─ stuff.fe:2:9
  │
2 │ pub mod calculations {
  │         ^^^^^^^^^^^^ def: defined here @ 2:8 (4 refs)

note: 
  ┌─ stuff.fe:4:10
  │
4 │   pub fn return_three() -> u32 {
  │          ^^^^^^^^^^^^ def: defined here @ 4:9 (3 refs)

note: 
  ┌─ stuff.fe:9:10
  │
9 │   pub fn return_four() {
  │          ^^^^^^^^^^^ def: defined here @ 9:9 (3 refs)

note: 
   ┌─ stuff.fe:14:11
   │
14 │   pub mod ambiguous {
   │           ^^^^^^^^^ def: defined here @ 14:10 (3 refs)

note: 
   ┌─ stuff.fe:18:10
   │
18 │   pub fn ambiguous() {}
   │          ^^^^^^^^^ def: defined here @ 18:9 (1 refs)
