---
source: crates/fe/tests/cli_output.rs
assertion_line: 528
expression: output
---
=== STDOUT ===
null vnull

=== STDERR ===
Error: Invalid fe.toml in ingot file://<project>/crates/fe/tests/fixtures/cli_output/ingots/missing_metadata/:
  • Missing ingot name
  • Missing ingot version

Error: Failed to resolve ingot dependency 'file://<project>/crates/fe/tests/fixtures/cli_output/ingots/missing_metadata/nonexistent/': Directory does not exist: file://<project>/crates/fe/tests/fixtures/cli_output/ingots/missing_metadata/nonexistent/

=== EXIT CODE: 1 ===
