---
source: crates/fe/tests/cli_output.rs
assertion_line: 528
expression: output
---
=== STDOUT ===
cycle_d v0.1.0
└── cycle_e v0.1.0
    └── cycle_d v0.1.0 [cycle]

=== STDERR ===
Error: Detected cycle(s) in ingot dependencies:

cycle_d v0.1.0
└── cycle_e v0.1.0
    └── cycle_d v0.1.0 [cycle]


=== EXIT CODE: 1 ===
