---
source: crates/fe/tests/cli_output.rs
assertion_line: 983
expression: output
input_file: tests/fixtures/cli_output/workspaces/build_ir_member_case_collision/build_ir_member_case_collision.case
---
=== STDERR ===
Error: Workspace member names collide in IR output directories
Conflicts:
  - a (case-insensitive)
    - A (ingots/a_upper)
    - a (ingots/a)
Hint: build a specific member by name or path instead.

=== EXIT CODE: 1 ===
