---
source: crates/fe/tests/cli_output.rs
expression: output
input_file: tests/fixtures/fe_test_runner/invalid_revert_selector_attr.fe
---
=== STDOUT ===
Failed to emit test Sonatina: unsupported: invalid #[test] function `test_selector_too_wide`: #[test(should_revert, selector = ...)] must fit in u32
ERROR [<time>] Failed to emit test Sonatina: unsupported: invalid #[test] function `test_selector_too_wide`: #[test(should_revert, selector = ...)] must fit in u32

test result: FAILED. 0 passed; 1 failed

failures:
    invalid_revert_selector_attr::codegen

=== EXIT CODE: 1 ===
