---
source: crates/fe/tests/cli_output.rs
expression: output
input_file: tests/fixtures/fe_test_runner/invalid_revert_panic_selector_attr.fe
---
=== STDOUT ===
Failed to emit test Sonatina: unsupported: invalid #[test] function `test_panic_and_selector`: #[test(should_revert)] cannot combine `panic = ...` and `selector = ...`
ERROR [<time>] Failed to emit test Sonatina: unsupported: invalid #[test] function `test_panic_and_selector`: #[test(should_revert)] cannot combine `panic = ...` and `selector = ...`

test result: FAILED. 0 passed; 1 failed

failures:
    invalid_revert_panic_selector_attr::codegen

=== EXIT CODE: 1 ===
