---
source: crates/fe/tests/cli_output.rs
assertion_line: 528
expression: output
---
=== STDOUT ===
workspace_current_outside_workspace v0.1.0

=== STDERR ===
Error: Dependency 'lib' in file://<project>/crates/fe/tests/fixtures/cli_output/ingots/workspace_current_outside_workspace/ uses name-only lookup outside a workspace

=== EXIT CODE: 1 ===
